../Drivers/STM32F1xx_HAL_Driver/Src/stm32f1xx_hal_timebase_tim_template.c:73:19:HAL_InitTick	56	static
../Drivers/STM32F1xx_HAL_Driver/Src/stm32f1xx_hal_timebase_tim_template.c:137:6:HAL_SuspendTick	4	static
../Drivers/STM32F1xx_HAL_Driver/Src/stm32f1xx_hal_timebase_tim_template.c:148:6:HAL_ResumeTick	4	static
../Drivers/STM32F1xx_HAL_Driver/Src/stm32f1xx_hal_timebase_tim_template.c:162:6:HAL_TIM_PeriodElapsedCallback	16	static
../Drivers/STM32F1xx_HAL_Driver/Src/stm32f1xx_hal_timebase_tim_template.c:171:6:TIM2_IRQHandler	8	static
