../Drivers/STM32F1xx_HAL_Driver/Src/stm32f1xx_hal_rcc.c:219:6:HAL_RCC_DeInit	4	static
../Drivers/STM32F1xx_HAL_Driver/Src/stm32f1xx_hal_rcc.c:263:19:HAL_RCC_OscConfig	32	static
../Drivers/STM32F1xx_HAL_Driver/Src/stm32f1xx_hal_rcc.c:709:19:HAL_RCC_ClockConfig	24	static
../Drivers/STM32F1xx_HAL_Driver/Src/stm32f1xx_hal_rcc.c:902:6:HAL_RCC_MCOConfig	48	static
../Drivers/STM32F1xx_HAL_Driver/Src/stm32f1xx_hal_rcc.c:939:6:HAL_RCC_EnableCSS	4	static
../Drivers/STM32F1xx_HAL_Driver/Src/stm32f1xx_hal_rcc.c:948:6:HAL_RCC_DisableCSS	4	static
../Drivers/STM32F1xx_HAL_Driver/Src/stm32f1xx_hal_rcc.c:982:10:HAL_RCC_GetSysClockFreq	48	static
../Drivers/STM32F1xx_HAL_Driver/Src/stm32f1xx_hal_rcc.c:1076:10:HAL_RCC_GetHCLKFreq	4	static
../Drivers/STM32F1xx_HAL_Driver/Src/stm32f1xx_hal_rcc.c:1087:10:HAL_RCC_GetPCLK1Freq	8	static
../Drivers/STM32F1xx_HAL_Driver/Src/stm32f1xx_hal_rcc.c:1099:10:HAL_RCC_GetPCLK2Freq	8	static
../Drivers/STM32F1xx_HAL_Driver/Src/stm32f1xx_hal_rcc.c:1112:6:HAL_RCC_GetOscConfig	16	static
../Drivers/STM32F1xx_HAL_Driver/Src/stm32f1xx_hal_rcc.c:1212:6:HAL_RCC_GetClockConfig	16	static
../Drivers/STM32F1xx_HAL_Driver/Src/stm32f1xx_hal_rcc.c:1247:6:HAL_RCC_NMI_IRQHandler	8	static
../Drivers/STM32F1xx_HAL_Driver/Src/stm32f1xx_hal_rcc.c:1265:13:RCC_Delay	24	static,ignoring_inline_asm
../Drivers/STM32F1xx_HAL_Driver/Src/stm32f1xx_hal_rcc.c:1279:13:HAL_RCC_CSSCallback	4	static
