../Drivers/STM32F1xx_HAL_Driver/Src/stm32f1xx_hal_uart.c:261:19:HAL_UART_Init	16	static
../Drivers/STM32F1xx_HAL_Driver/Src/stm32f1xx_hal_uart.c:326:19:HAL_HalfDuplex_Init	16	static
../Drivers/STM32F1xx_HAL_Driver/Src/stm32f1xx_hal_uart.c:387:19:HAL_LIN_Init	16	static
../Drivers/STM32F1xx_HAL_Driver/Src/stm32f1xx_hal_uart.c:455:19:HAL_MultiProcessor_Init	24	static
../Drivers/STM32F1xx_HAL_Driver/Src/stm32f1xx_hal_uart.c:519:19:HAL_UART_DeInit	16	static
../Drivers/STM32F1xx_HAL_Driver/Src/stm32f1xx_hal_uart.c:551:13:HAL_UART_MspInit	16	static
../Drivers/STM32F1xx_HAL_Driver/Src/stm32f1xx_hal_uart.c:566:13:HAL_UART_MspDeInit	16	static
../Drivers/STM32F1xx_HAL_Driver/Src/stm32f1xx_hal_uart.c:645:19:HAL_UART_Transmit	40	static
../Drivers/STM32F1xx_HAL_Driver/Src/stm32f1xx_hal_uart.c:727:19:HAL_UART_Receive	40	static
../Drivers/STM32F1xx_HAL_Driver/Src/stm32f1xx_hal_uart.c:815:19:HAL_UART_Transmit_IT	24	static
../Drivers/STM32F1xx_HAL_Driver/Src/stm32f1xx_hal_uart.c:856:19:HAL_UART_Receive_IT	24	static
../Drivers/STM32F1xx_HAL_Driver/Src/stm32f1xx_hal_uart.c:904:19:HAL_UART_Transmit_DMA	32	static
../Drivers/STM32F1xx_HAL_Driver/Src/stm32f1xx_hal_uart.c:969:19:HAL_UART_Receive_DMA	32	static
../Drivers/STM32F1xx_HAL_Driver/Src/stm32f1xx_hal_uart.c:1036:19:HAL_UART_DMAPause	24	static
../Drivers/STM32F1xx_HAL_Driver/Src/stm32f1xx_hal_uart.c:1073:19:HAL_UART_DMAResume	24	static
../Drivers/STM32F1xx_HAL_Driver/Src/stm32f1xx_hal_uart.c:1109:19:HAL_UART_DMAStop	24	static
../Drivers/STM32F1xx_HAL_Driver/Src/stm32f1xx_hal_uart.c:1161:19:HAL_UART_Abort	16	static
../Drivers/STM32F1xx_HAL_Driver/Src/stm32f1xx_hal_uart.c:1225:19:HAL_UART_AbortTransmit	16	static
../Drivers/STM32F1xx_HAL_Driver/Src/stm32f1xx_hal_uart.c:1267:19:HAL_UART_AbortReceive	16	static
../Drivers/STM32F1xx_HAL_Driver/Src/stm32f1xx_hal_uart.c:1312:19:HAL_UART_Abort_IT	24	static
../Drivers/STM32F1xx_HAL_Driver/Src/stm32f1xx_hal_uart.c:1434:19:HAL_UART_AbortTransmit_IT	16	static
../Drivers/STM32F1xx_HAL_Driver/Src/stm32f1xx_hal_uart.c:1499:19:HAL_UART_AbortReceive_IT	16	static
../Drivers/STM32F1xx_HAL_Driver/Src/stm32f1xx_hal_uart.c:1557:6:HAL_UART_IRQHandler	40	static
../Drivers/STM32F1xx_HAL_Driver/Src/stm32f1xx_hal_uart.c:1684:14:HAL_UART_TxCpltCallback	16	static
../Drivers/STM32F1xx_HAL_Driver/Src/stm32f1xx_hal_uart.c:1699:14:HAL_UART_TxHalfCpltCallback	16	static
../Drivers/STM32F1xx_HAL_Driver/Src/stm32f1xx_hal_uart.c:1714:13:HAL_UART_RxCpltCallback	16	static
../Drivers/STM32F1xx_HAL_Driver/Src/stm32f1xx_hal_uart.c:1729:13:HAL_UART_RxHalfCpltCallback	16	static
../Drivers/STM32F1xx_HAL_Driver/Src/stm32f1xx_hal_uart.c:1744:14:HAL_UART_ErrorCallback	16	static
../Drivers/STM32F1xx_HAL_Driver/Src/stm32f1xx_hal_uart.c:1758:13:HAL_UART_AbortCpltCallback	16	static
../Drivers/STM32F1xx_HAL_Driver/Src/stm32f1xx_hal_uart.c:1772:13:HAL_UART_AbortTransmitCpltCallback	16	static
../Drivers/STM32F1xx_HAL_Driver/Src/stm32f1xx_hal_uart.c:1787:13:HAL_UART_AbortReceiveCpltCallback	16	static
../Drivers/STM32F1xx_HAL_Driver/Src/stm32f1xx_hal_uart.c:1826:19:HAL_LIN_SendBreak	16	static
../Drivers/STM32F1xx_HAL_Driver/Src/stm32f1xx_hal_uart.c:1853:19:HAL_MultiProcessor_EnterMuteMode	16	static
../Drivers/STM32F1xx_HAL_Driver/Src/stm32f1xx_hal_uart.c:1880:19:HAL_MultiProcessor_ExitMuteMode	16	static
../Drivers/STM32F1xx_HAL_Driver/Src/stm32f1xx_hal_uart.c:1907:19:HAL_HalfDuplex_EnableTransmitter	24	static
../Drivers/STM32F1xx_HAL_Driver/Src/stm32f1xx_hal_uart.c:1942:19:HAL_HalfDuplex_EnableReceiver	24	static
../Drivers/STM32F1xx_HAL_Driver/Src/stm32f1xx_hal_uart.c:1999:23:HAL_UART_GetState	24	static
../Drivers/STM32F1xx_HAL_Driver/Src/stm32f1xx_hal_uart.c:2014:10:HAL_UART_GetError	16	static
../Drivers/STM32F1xx_HAL_Driver/Src/stm32f1xx_hal_uart.c:2028:13:UART_DMATransmitCplt	24	static
../Drivers/STM32F1xx_HAL_Driver/Src/stm32f1xx_hal_uart.c:2057:13:UART_DMATxHalfCplt	24	static
../Drivers/STM32F1xx_HAL_Driver/Src/stm32f1xx_hal_uart.c:2069:13:UART_DMAReceiveCplt	24	static
../Drivers/STM32F1xx_HAL_Driver/Src/stm32f1xx_hal_uart.c:2097:13:UART_DMARxHalfCplt	24	static
../Drivers/STM32F1xx_HAL_Driver/Src/stm32f1xx_hal_uart.c:2108:13:UART_DMAError	24	static
../Drivers/STM32F1xx_HAL_Driver/Src/stm32f1xx_hal_uart.c:2143:26:UART_WaitOnFlagUntilTimeout	24	static
../Drivers/STM32F1xx_HAL_Driver/Src/stm32f1xx_hal_uart.c:2176:13:UART_EndTxTransfer	16	static
../Drivers/STM32F1xx_HAL_Driver/Src/stm32f1xx_hal_uart.c:2190:13:UART_EndRxTransfer	16	static
../Drivers/STM32F1xx_HAL_Driver/Src/stm32f1xx_hal_uart.c:2206:13:UART_DMAAbortOnError	24	static
../Drivers/STM32F1xx_HAL_Driver/Src/stm32f1xx_hal_uart.c:2223:13:UART_DMATxAbortCallback	24	static
../Drivers/STM32F1xx_HAL_Driver/Src/stm32f1xx_hal_uart.c:2261:13:UART_DMARxAbortCallback	24	static
../Drivers/STM32F1xx_HAL_Driver/Src/stm32f1xx_hal_uart.c:2299:13:UART_DMATxOnlyAbortCallback	24	static
../Drivers/STM32F1xx_HAL_Driver/Src/stm32f1xx_hal_uart.c:2320:13:UART_DMARxOnlyAbortCallback	24	static
../Drivers/STM32F1xx_HAL_Driver/Src/stm32f1xx_hal_uart.c:2339:26:UART_Transmit_IT	24	static
../Drivers/STM32F1xx_HAL_Driver/Src/stm32f1xx_hal_uart.c:2386:26:UART_EndTransmit_IT	16	static
../Drivers/STM32F1xx_HAL_Driver/Src/stm32f1xx_hal_uart.c:2404:26:UART_Receive_IT	24	static
../Drivers/STM32F1xx_HAL_Driver/Src/stm32f1xx_hal_uart.c:2468:13:UART_SetConfig	32	static
