../Drivers/STM32F1xx_HAL_Driver/Src/stm32f1xx_hal_pwr.c:135:13:PWR_OverloadWfe	4	static,ignoring_inline_asm
../Drivers/STM32F1xx_HAL_Driver/Src/stm32f1xx_hal_pwr.c:174:6:HAL_PWR_DeInit	4	static
../Drivers/STM32F1xx_HAL_Driver/Src/stm32f1xx_hal_pwr.c:187:6:HAL_PWR_EnableBkUpAccess	4	static
../Drivers/STM32F1xx_HAL_Driver/Src/stm32f1xx_hal_pwr.c:200:6:HAL_PWR_DisableBkUpAccess	4	static
../Drivers/STM32F1xx_HAL_Driver/Src/stm32f1xx_hal_pwr.c:334:6:HAL_PWR_ConfigPVD	16	static
../Drivers/STM32F1xx_HAL_Driver/Src/stm32f1xx_hal_pwr.c:377:6:HAL_PWR_EnablePVD	4	static
../Drivers/STM32F1xx_HAL_Driver/Src/stm32f1xx_hal_pwr.c:387:6:HAL_PWR_DisablePVD	4	static
../Drivers/STM32F1xx_HAL_Driver/Src/stm32f1xx_hal_pwr.c:400:6:HAL_PWR_EnableWakeUpPin	24	static,ignoring_inline_asm
../Drivers/STM32F1xx_HAL_Driver/Src/stm32f1xx_hal_pwr.c:415:6:HAL_PWR_DisableWakeUpPin	24	static,ignoring_inline_asm
../Drivers/STM32F1xx_HAL_Driver/Src/stm32f1xx_hal_pwr.c:435:6:HAL_PWR_EnterSLEEPMode	16	static,ignoring_inline_asm
../Drivers/STM32F1xx_HAL_Driver/Src/stm32f1xx_hal_pwr.c:481:6:HAL_PWR_EnterSTOPMode	16	static,ignoring_inline_asm
../Drivers/STM32F1xx_HAL_Driver/Src/stm32f1xx_hal_pwr.c:521:6:HAL_PWR_EnterSTANDBYMode	4	static,ignoring_inline_asm
../Drivers/STM32F1xx_HAL_Driver/Src/stm32f1xx_hal_pwr.c:546:6:HAL_PWR_EnableSleepOnExit	4	static
../Drivers/STM32F1xx_HAL_Driver/Src/stm32f1xx_hal_pwr.c:559:6:HAL_PWR_DisableSleepOnExit	4	static
../Drivers/STM32F1xx_HAL_Driver/Src/stm32f1xx_hal_pwr.c:572:6:HAL_PWR_EnableSEVOnPend	4	static
../Drivers/STM32F1xx_HAL_Driver/Src/stm32f1xx_hal_pwr.c:585:6:HAL_PWR_DisableSEVOnPend	4	static
../Drivers/STM32F1xx_HAL_Driver/Src/stm32f1xx_hal_pwr.c:598:6:HAL_PWR_PVD_IRQHandler	8	static
../Drivers/STM32F1xx_HAL_Driver/Src/stm32f1xx_hal_pwr.c:615:13:HAL_PWR_PVDCallback	4	static
