../Drivers/STM32F1xx_HAL_Driver/Src/stm32f1xx_hal_adc_ex.c:144:19:HAL_ADCEx_Calibration_Start	40	static
../Drivers/STM32F1xx_HAL_Driver/Src/stm32f1xx_hal_adc_ex.c:250:19:HAL_ADCEx_InjectedStart	24	static
../Drivers/STM32F1xx_HAL_Driver/Src/stm32f1xx_hal_adc_ex.c:349:19:HAL_ADCEx_InjectedStop	24	static
../Drivers/STM32F1xx_HAL_Driver/Src/stm32f1xx_hal_adc_ex.c:402:19:HAL_ADCEx_InjectedPollForConversion	40	static
../Drivers/STM32F1xx_HAL_Driver/Src/stm32f1xx_hal_adc_ex.c:520:19:HAL_ADCEx_InjectedStart_IT	24	static
../Drivers/STM32F1xx_HAL_Driver/Src/stm32f1xx_hal_adc_ex.c:619:19:HAL_ADCEx_InjectedStop_IT	24	static
../Drivers/STM32F1xx_HAL_Driver/Src/stm32f1xx_hal_adc_ex.c:688:19:HAL_ADCEx_MultiModeStart_DMA	80	static
../Drivers/STM32F1xx_HAL_Driver/Src/stm32f1xx_hal_adc_ex.c:814:19:HAL_ADCEx_MultiModeStop_DMA	72	static
../Drivers/STM32F1xx_HAL_Driver/Src/stm32f1xx_hal_adc_ex.c:903:10:HAL_ADCEx_InjectedGetValue	24	static
../Drivers/STM32F1xx_HAL_Driver/Src/stm32f1xx_hal_adc_ex.c:940:10:HAL_ADCEx_MultiModeGetValue	24	static
../Drivers/STM32F1xx_HAL_Driver/Src/stm32f1xx_hal_adc_ex.c:972:13:HAL_ADCEx_InjectedConvCpltCallback	16	static
../Drivers/STM32F1xx_HAL_Driver/Src/stm32f1xx_hal_adc_ex.c:1014:19:HAL_ADCEx_InjectedConfigChannel	24	static
../Drivers/STM32F1xx_HAL_Driver/Src/stm32f1xx_hal_adc_ex.c:1275:19:HAL_ADCEx_MultiModeConfigChannel	72	static
