../Drivers/STM32F1xx_HAL_Driver/Src/stm32f1xx_hal_dma.c:161:19:HAL_DMA_Init	24	static
../Drivers/STM32F1xx_HAL_Driver/Src/stm32f1xx_hal_dma.c:245:19:HAL_DMA_DeInit	16	static
../Drivers/STM32F1xx_HAL_Driver/Src/stm32f1xx_hal_dma.c:338:19:HAL_DMA_Start	32	static
../Drivers/STM32F1xx_HAL_Driver/Src/stm32f1xx_hal_dma.c:381:19:HAL_DMA_Start_IT	32	static
../Drivers/STM32F1xx_HAL_Driver/Src/stm32f1xx_hal_dma.c:435:19:HAL_DMA_Abort	24	static
../Drivers/STM32F1xx_HAL_Driver/Src/stm32f1xx_hal_dma.c:463:19:HAL_DMA_Abort_IT	24	static
../Drivers/STM32F1xx_HAL_Driver/Src/stm32f1xx_hal_dma.c:508:19:HAL_DMA_PollForTransfer	32	static
../Drivers/STM32F1xx_HAL_Driver/Src/stm32f1xx_hal_dma.c:609:6:HAL_DMA_IRQHandler	24	static
../Drivers/STM32F1xx_HAL_Driver/Src/stm32f1xx_hal_dma.c:699:19:HAL_DMA_RegisterCallback	32	static
../Drivers/STM32F1xx_HAL_Driver/Src/stm32f1xx_hal_dma.c:750:19:HAL_DMA_UnRegisterCallback	24	static
../Drivers/STM32F1xx_HAL_Driver/Src/stm32f1xx_hal_dma.c:826:22:HAL_DMA_GetState	16	static
../Drivers/STM32F1xx_HAL_Driver/Src/stm32f1xx_hal_dma.c:838:10:HAL_DMA_GetError	16	static
../Drivers/STM32F1xx_HAL_Driver/Src/stm32f1xx_hal_dma.c:864:13:DMA_SetConfig	24	static
